
Gurobi 13.0.0 (win64, gurobi_cl) logging started Thu Sep 24 13:09:51 2026

Set parameter Username
Set parameter LicenseID to value 2765984
Set parameter LogFile to value "gurobi.log"
Using license file C:\Users\101221374\gurobi.lic
Academic license - for non-commercial use only - expires 2027-01-14

Gurobi 13.0.0 (win64, gurobi_cl) logging started Thu Sep 24 13:10:00 2026

Set parameter Username
Set parameter LicenseID to value 2765984
Set parameter LogFile to value "gurobi.log"
Using license file C:\Users\101221374\gurobi.lic
Academic license - for non-commercial use only - expires 2027-01-14

Gurobi 13.0.0 (win64, gurobi_cl) logging started Thu Sep 24 13:32:09 2026

Set parameter Username
Set parameter LicenseID to value 2765984
Set parameter LogFile to value "gurobi.log"
Using license file C:\Users\101221374\gurobi.lic
Academic license - for non-commercial use only - expires 2027-01-14

Gurobi 13.0.0 (win64, gurobi_cl) logging started Thu Sep 24 13:34:43 2026

Set parameter Username
Set parameter LicenseID to value 2765984
Set parameter LogFile to value "gurobi.log"
Using license file C:\Users\101221374\gurobi.lic
Academic license - for non-commercial use only - expires 2027-01-14

Gurobi 13.0.0 (win64, gurobi_cl) logging started Thu Sep 24 14:28:20 2026

Set parameter Username
Set parameter LicenseID to value 2765984
Set parameter LogFile to value "gurobi.log"
Using license file C:\Users\101221374\gurobi.lic
Academic license - for non-commercial use only - expires 2027-01-14

Gurobi 13.0.0 (win64, gurobi_cl) logging started Thu Sep 24 14:29:16 2026

Set parameter Username
Set parameter LicenseID to value 2765984
Set parameter LogFile to value "gurobi.log"
Using license file C:\Users\101221374\gurobi.lic
Academic license - for non-commercial use only - expires 2027-01-14

Gurobi 13.0.0 (win64, gurobi_cl) logging started Thu Sep 24 14:30:15 2026

Set parameter Username
Set parameter LicenseID to value 2765984
Set parameter LogFile to value "gurobi.log"
Using license file C:\Users\101221374\gurobi.lic
Academic license - for non-commercial use only - expires 2027-01-14

Gurobi 13.0.0 (win64, gurobi_cl) logging started Thu Sep 24 14:45:12 2026

Set parameter Username
Set parameter LicenseID to value 2765984
Set parameter LogFile to value "gurobi.log"
Using license file C:\Users\101221374\gurobi.lic
Academic license - for non-commercial use only - expires 2027-01-14

Gurobi 13.0.0 (win64, gurobi_cl) logging started Thu Sep 24 14:46:14 2026

Set parameter Username
Set parameter LicenseID to value 2765984
Set parameter LogFile to value "gurobi.log"
Using license file C:\Users\101221374\gurobi.lic
Academic license - for non-commercial use only - expires 2027-01-14

Gurobi 13.0.0 (win64, gurobi_cl) logging started Thu Sep 24 14:48:05 2026

Set parameter Username
Set parameter LicenseID to value 2765984
Set parameter LogFile to value "gurobi.log"
Using license file C:\Users\101221374\gurobi.lic
Academic license - for non-commercial use only - expires 2027-01-14

Gurobi 13.0.0 (win64, gurobi_cl) logging started Thu Sep 24 14:48:54 2026

Set parameter Username
Set parameter LicenseID to value 2765984
Set parameter LogFile to value "gurobi.log"
Using license file C:\Users\101221374\gurobi.lic
Academic license - for non-commercial use only - expires 2027-01-14

Gurobi 13.0.0 (win64, gurobi_cl) logging started Thu Sep 24 14:52:24 2026

Set parameter Username
Set parameter LicenseID to value 2765984
Set parameter LogFile to value "gurobi.log"
Using license file C:\Users\101221374\gurobi.lic
Academic license - for non-commercial use only - expires 2027-01-14

Gurobi 13.0.0 (win64, gurobi_cl) logging started Thu Sep 24 15:01:36 2026

Set parameter Username
Set parameter LicenseID to value 2765984
Set parameter LogFile to value "gurobi.log"
Using license file C:\Users\101221374\gurobi.lic
Academic license - for non-commercial use only - expires 2027-01-14

Gurobi 13.0.0 (win64, gurobi_cl) logging started Thu Sep 24 15:42:35 2026

Set parameter Username
Set parameter LicenseID to value 2765984
Set parameter LogFile to value "gurobi.log"
Using license file C:\Users\101221374\gurobi.lic
Academic license - for non-commercial use only - expires 2027-01-14

Gurobi 13.0.0 (win64, gurobi_cl) logging started Thu Sep 24 16:17:11 2026

Set parameter Username
Set parameter LicenseID to value 2765984
Set parameter LogFile to value "gurobi.log"
Using license file C:\Users\101221374\gurobi.lic
Academic license - for non-commercial use only - expires 2027-01-14

Gurobi 13.0.0 (win64, gurobi_cl) logging started Thu Sep 24 16:18:53 2026

Set parameter Username
Set parameter LicenseID to value 2765984
Set parameter LogFile to value "gurobi.log"
Using license file C:\Users\101221374\gurobi.lic
Academic license - for non-commercial use only - expires 2027-01-14

Gurobi 13.0.0 (win64, gurobi_cl) logging started Thu Sep 24 17:51:28 2026

Set parameter Username
Set parameter LicenseID to value 2765984
Set parameter LogFile to value "gurobi.log"
Using license file C:\Users\101221374\gurobi.lic
Academic license - for non-commercial use only - expires 2027-01-14
